../Core/Inc/uros/uros_init.cpp:43:6:void uros_init()	40	static
../Core/Inc/uros/uros_init.cpp:65:6:void uros_agent_status_check()	8	static
../Core/Inc/uros/uros_init.cpp:87:6:void handle_state_agent_waiting()	8	static
../Core/Inc/uros/uros_init.cpp:90:6:void handle_state_agent_available()	8	static
../Core/Inc/uros/uros_init.cpp:94:6:void handle_state_agent_connected()	8	static
../Core/Inc/uros/uros_init.cpp:105:6:void handle_state_agent_trying()	8	static
../Core/Inc/uros/uros_init.cpp:117:6:void handle_state_agent_disconnected()	8	static
../Core/Inc/uros/uros_init.cpp:123:6:void uros_create_entities()	48	static
../Core/Inc/uros/uros_init.cpp:179:6:void uros_destroy_entities()	16	static
../Core/Inc/uros/uros_init.cpp:196:6:void cmd_vel_sub_cb(const void*)	32	static
../Core/Inc/uros/uros_init.cpp:265:6:void update_pose(float, float, float, float, float, float, float)	40	static
../Core/Inc/uros/uros_init.cpp:276:6:void pose_pub_timer_cb(rcl_timer_t*, int64_t)	24	static
