../Core/Inc/uros/uros_init.cpp:44:6:void uros_init()	40	static
../Core/Inc/uros/uros_init.cpp:66:6:void uros_agent_status_check()	8	static
../Core/Inc/uros/uros_init.cpp:88:6:void handle_state_agent_waiting()	8	static
../Core/Inc/uros/uros_init.cpp:91:6:void handle_state_agent_available()	8	static
../Core/Inc/uros/uros_init.cpp:95:6:void handle_state_agent_connected()	8	static
../Core/Inc/uros/uros_init.cpp:106:6:void handle_state_agent_trying()	8	static
../Core/Inc/uros/uros_init.cpp:118:6:void handle_state_agent_disconnected()	8	static
../Core/Inc/uros/uros_init.cpp:124:6:void uros_create_entities()	48	static
../Core/Inc/uros/uros_init.cpp:180:6:void uros_destroy_entities()	16	static
../Core/Inc/uros/uros_init.cpp:197:6:void cmd_vel_sub_cb(const void*)	32	static
../Core/Inc/uros/uros_init.cpp:267:6:void update_pose(float, float, float, float, float, float, float, int)	40	static
../Core/Inc/uros/uros_init.cpp:279:6:void pose_pub_timer_cb(rcl_timer_t*, int64_t)	24	static
