../Core/Src/main_program/trace.cpp:52:6:void trace()	8	static
../Core/Src/main_program/trace.cpp:95:6:void trace_init()	8	static
../Core/Src/main_program/trace.cpp:99:7:float trace_transfer()	16	static
../Core/Src/main_program/trace.cpp:110:6:void trace_line()	16	static
../Core/Src/main_program/trace.cpp:130:6:void inter_goal_select()	16	static
../Core/Src/main_program/trace.cpp:150:6:void trace_check_point()	8	static
../Core/Src/main_program/trace.cpp:216:5:int turn_check(float, float, float)	24	static
../Core/Src/main_program/trace.cpp:232:6:void T_inter(float, float, float)	24	static
../Core/Src/main_program/trace.cpp:294:6:void loc_inter()	16	static
../Core/Src/main_program/trace.cpp:322:6:void dir_check()	16	static
../Core/Src/main_program/trace.cpp:336:6:void set_limit_dir_val()	4	static
../Core/Src/main_program/trace.cpp:345:6:void trace_limit_val()	16	static
../Core/Src/main_program/trace.cpp:361:6:bool type_check(int)	24	static
