../Core/Src/main_program/trace.cpp:46:6:void trace()	8	static
../Core/Src/main_program/trace.cpp:71:6:void trace_init()	8	static
../Core/Src/main_program/trace.cpp:75:7:float trace_transfer()	16	static
../Core/Src/main_program/trace.cpp:86:6:void trace_line()	8	static
../Core/Src/main_program/trace.cpp:91:6:void inter_goal_select()	4	static
../Core/Src/main_program/trace.cpp:105:6:void trace_check_point()	8	static
../Core/Src/main_program/trace.cpp:171:6:bool turn_check(float, float, float)	24	static
../Core/Src/main_program/trace.cpp:188:6:void T_inter(float, float, float)	24	static
../Core/Src/main_program/trace.cpp:248:6:void loc_inter()	16	static
../Core/Src/main_program/trace.cpp:276:6:void dir_check()	16	static
../Core/Src/main_program/trace.cpp:288:6:bool type_check(int)	24	static
../Core/Src/main_program/trace.cpp:354:1:void __static_initialization_and_destruction_0()	8	static
../Core/Src/main_program/trace.cpp:354:1:cpp)	8	static
