../Core/Src/main_program/trace.cpp:51:6:void trace()	8	static
../Core/Src/main_program/trace.cpp:93:6:void trace_init()	8	static
../Core/Src/main_program/trace.cpp:97:7:float trace_transfer()	16	static
../Core/Src/main_program/trace.cpp:108:6:void trace_line()	8	static
../Core/Src/main_program/trace.cpp:114:6:void inter_goal_select()	4	static
../Core/Src/main_program/trace.cpp:128:6:void trace_check_point()	8	static
../Core/Src/main_program/trace.cpp:194:6:bool turn_check(float, float, float)	24	static
../Core/Src/main_program/trace.cpp:212:6:void T_inter(float, float, float)	24	static
../Core/Src/main_program/trace.cpp:274:6:void loc_inter()	16	static
../Core/Src/main_program/trace.cpp:302:6:void dir_check()	16	static
../Core/Src/main_program/trace.cpp:316:6:void set_limit_dir_val()	4	static
../Core/Src/main_program/trace.cpp:325:6:void trace_limit_val()	16	static
../Core/Src/main_program/trace.cpp:341:6:bool type_check(int)	24	static
