../Core/Src/main_program/trace.cpp:52:6:void trace()	8	static
../Core/Src/main_program/trace.cpp:101:6:void trace_init()	8	static
../Core/Src/main_program/trace.cpp:105:7:float trace_transfer()	16	static
../Core/Src/main_program/trace.cpp:116:6:void trace_line()	16	static
../Core/Src/main_program/trace.cpp:134:6:void inter_goal_select()	16	static
../Core/Src/main_program/trace.cpp:154:6:void trace_check_point()	8	static
../Core/Src/main_program/trace.cpp:220:5:int turn_check(float, float, float)	24	static
../Core/Src/main_program/trace.cpp:236:6:void T_inter(float, float, float)	24	static
../Core/Src/main_program/trace.cpp:277:6:void T_inter_5(float, float, float)	24	static
../Core/Src/main_program/trace.cpp:330:6:void loc_inter()	16	static
../Core/Src/main_program/trace.cpp:358:6:void dir_check()	16	static
../Core/Src/main_program/trace.cpp:372:6:void set_limit_dir_val()	4	static
../Core/Src/main_program/trace.cpp:381:6:void trace_limit_val()	16	static
../Core/Src/main_program/trace.cpp:397:6:bool type_check(int)	24	static
