../Core/Src/main_program/trace.cpp:52:6:void trace()	8	static
../Core/Src/main_program/trace.cpp:99:6:void trace_init()	8	static
../Core/Src/main_program/trace.cpp:103:7:float trace_transfer()	16	static
../Core/Src/main_program/trace.cpp:114:6:void trace_line()	16	static
../Core/Src/main_program/trace.cpp:132:6:void inter_goal_select()	16	static
../Core/Src/main_program/trace.cpp:152:6:void trace_check_point()	8	static
../Core/Src/main_program/trace.cpp:218:5:int turn_check(float, float, float)	24	static
../Core/Src/main_program/trace.cpp:234:6:void T_inter(float, float, float)	24	static
../Core/Src/main_program/trace.cpp:296:6:void loc_inter()	16	static
../Core/Src/main_program/trace.cpp:324:6:void dir_check()	16	static
../Core/Src/main_program/trace.cpp:338:6:void set_limit_dir_val()	4	static
../Core/Src/main_program/trace.cpp:347:6:void trace_limit_val()	16	static
../Core/Src/main_program/trace.cpp:363:6:bool type_check(int)	24	static
