../Core/Src/main_program/trace.cpp:52:6:void trace()	8	static
../Core/Src/main_program/trace.cpp:100:6:void trace_init()	8	static
../Core/Src/main_program/trace.cpp:104:7:float trace_transfer()	16	static
../Core/Src/main_program/trace.cpp:115:6:void trace_line()	16	static
../Core/Src/main_program/trace.cpp:133:6:void inter_goal_select()	16	static
../Core/Src/main_program/trace.cpp:153:6:void trace_check_point()	8	static
../Core/Src/main_program/trace.cpp:219:5:int turn_check(float, float, float)	24	static
../Core/Src/main_program/trace.cpp:235:6:void T_inter(float, float, float)	24	static
../Core/Src/main_program/trace.cpp:297:6:void loc_inter()	16	static
../Core/Src/main_program/trace.cpp:325:6:void dir_check()	16	static
../Core/Src/main_program/trace.cpp:339:6:void set_limit_dir_val()	4	static
../Core/Src/main_program/trace.cpp:348:6:void trace_limit_val()	16	static
../Core/Src/main_program/trace.cpp:364:6:bool type_check(int)	24	static
