/opt/st/stm32cubeide_1.19.0/plugins/com.st.stm32cube.ide.mcu.externaltools.gnu-tools-for-stm32.13.3.rel1.linux64_1.0.0.202410170706/tools/arm-none-eabi/include/c++/13.3.1/cmath:272:3:constexpr float std::fmod(float, float)	16	static
../Core/Src/main_program/trace.cpp:43:6:void trace()	8	static
../Core/Src/main_program/trace.cpp:73:6:void trace_init()	8	static
../Core/Src/main_program/trace.cpp:77:7:float trace_transfer()	16	static
../Core/Src/main_program/trace.cpp:88:6:void trace_line(float)	16	static
../Core/Src/main_program/trace.cpp:93:6:void trace_check_point()	8	static
../Core/Src/main_program/trace.cpp:144:6:void T_inter(float, float, float)	24	static
../Core/Src/main_program/trace.cpp:216:6:void ten_inter(float, float, float)	24	static
../Core/Src/main_program/trace.cpp:236:6:void loc_inter()	16	static
../Core/Src/main_program/trace.cpp:258:6:void dir_check()	16	static
../Core/Src/main_program/trace.cpp:270:6:bool type_check(int)	24	static
../Core/Src/main_program/trace.cpp:338:1:void __static_initialization_and_destruction_0()	8	static
../Core/Src/main_program/trace.cpp:338:1:cpp)	8	static
