../Core/Src/main_program/trace.cpp:47:6:void trace()	8	static
../Core/Src/main_program/trace.cpp:81:6:void trace_init()	8	static
../Core/Src/main_program/trace.cpp:85:7:float trace_transfer()	16	static
../Core/Src/main_program/trace.cpp:96:6:void trace_line()	8	static
../Core/Src/main_program/trace.cpp:102:6:void inter_goal_select()	4	static
../Core/Src/main_program/trace.cpp:116:6:void trace_check_point()	8	static
../Core/Src/main_program/trace.cpp:182:6:bool turn_check(float, float, float)	24	static
../Core/Src/main_program/trace.cpp:199:6:void T_inter(float, float, float)	24	static
../Core/Src/main_program/trace.cpp:259:6:void loc_inter()	16	static
../Core/Src/main_program/trace.cpp:287:6:void dir_check()	16	static
../Core/Src/main_program/trace.cpp:301:6:void set_limit_dir_val()	4	static
../Core/Src/main_program/trace.cpp:310:6:void trace_limit_val()	16	static
../Core/Src/main_program/trace.cpp:326:6:bool type_check(int)	24	static
../Core/Src/main_program/trace.cpp:392:1:void __static_initialization_and_destruction_0()	8	static
../Core/Src/main_program/trace.cpp:392:1:cpp)	8	static
