../Core/Src/main.c:105:5:main	8	static
../Core/Src/main.c:195:6:SystemClock_Config	88	static
../Core/Src/main.c:250:13:MX_ADC1_Init	24	static
../Core/Src/main.c:356:13:MX_I2C1_Init	8	static
../Core/Src/main.c:390:13:MX_TIM1_Init	56	static
../Core/Src/main.c:440:13:MX_TIM2_Init	56	static
../Core/Src/main.c:489:13:MX_TIM3_Init	56	static
../Core/Src/main.c:538:13:MX_TIM4_Init	56	static
../Core/Src/main.c:587:13:MX_TIM5_Init	32	static
../Core/Src/main.c:632:13:MX_TIM8_Init	80	static
../Core/Src/main.c:709:13:MX_USART2_UART_Init	8	static
../Core/Src/main.c:740:13:MX_DMA_Init	16	static
../Core/Src/main.c:765:13:MX_GPIO_Init	40	static
../Core/Src/main.c:813:13:StartDefaultTask	16	static
../Core/Src/main.c:832:13:HAL_TIM_PeriodElapsedCallback	16	static
../Core/Src/main.c:850:6:Error_Handler	4	static,ignoring_inline_asm
