../Core/Src/main.c:105:5:main	1
../Core/Src/main.c:195:6:SystemClock_Config	4
../Core/Src/main.c:250:13:MX_ADC1_Init	9
../Core/Src/main.c:356:13:MX_I2C1_Init	2
../Core/Src/main.c:390:13:MX_TIM1_Init	3
../Core/Src/main.c:440:13:MX_TIM2_Init	3
../Core/Src/main.c:489:13:MX_TIM3_Init	3
../Core/Src/main.c:538:13:MX_TIM4_Init	3
../Core/Src/main.c:587:13:MX_TIM5_Init	4
../Core/Src/main.c:632:13:MX_TIM8_Init	8
../Core/Src/main.c:709:13:MX_USART2_UART_Init	2
../Core/Src/main.c:740:13:MX_DMA_Init	1
../Core/Src/main.c:765:13:MX_GPIO_Init	1
../Core/Src/main.c:813:13:StartDefaultTask	1
../Core/Src/main.c:832:13:HAL_TIM_PeriodElapsedCallback	2
../Core/Src/main.c:850:6:Error_Handler	1
