/opt/st/stm32cubeide_1.19.0/plugins/com.st.stm32cube.ide.mcu.externaltools.gnu-tools-for-stm32.13.3.rel1.linux64_1.0.0.202410170706/tools/arm-none-eabi/include/c++/13.3.1/cmath:272:3:constexpr float std::fmod(float, float)	16	static
/home/ling/STM32CubeIDE/workspace_1.19.0/tdk_chassis_microros/Core/Inc/Control_Lib/chassis_ctrl/Inc/chassis.hpp:20:9:Chassis::Chassis(MotorController*, MotorController*, MotorController*, MotorController*)	24	static
../Core/Inc/Control_Lib/chassis_ctrl/Src/chassis_monitor.cpp:20:6:void chassis_monitor()	8	static
../Core/Inc/Control_Lib/chassis_ctrl/Src/chassis_monitor.cpp:29:6:void chassis_set_speed(float, float, float)	24	static
../Core/Inc/Control_Lib/chassis_ctrl/Src/chassis_monitor.cpp:35:6:void chassis_give_speed()	4	static
../Core/Inc/Control_Lib/chassis_ctrl/Src/chassis_monitor.cpp:41:6:void update_chassis_pose()	4	static
../Core/Inc/Control_Lib/chassis_ctrl/Src/chassis_monitor.cpp:47:7:void relocateRobot(float, float, float)	24	static
../Core/Inc/Control_Lib/chassis_ctrl/Src/chassis_monitor.cpp:52:2:void __static_initialization_and_destruction_0()	16	static
../Core/Inc/Control_Lib/chassis_ctrl/Src/chassis_monitor.cpp:52:2:cpp)	8	static
